[2026-02-09 21:55:19] local.ERROR: exception 'PDOException' with message 'SQLSTATE[HY000] [2002] php_network_getaddresses: getaddrinfo failed: Name or service not known' in /var/www/html/simpegv2/vendor/laravel/framework/src/Illuminate/Database/Connectors/Connector.php:55
Stack trace:
#0 /var/www/html/simpegv2/vendor/laravel/framework/src/Illuminate/Database/Connectors/Connector.php(55): PDO->__construct('mysql:host=mysq...', 'root', 'mysecret', Array)
#1 /var/www/html/simpegv2/vendor/laravel/framework/src/Illuminate/Database/Connectors/MySqlConnector.php(22): Illuminate\Database\Connectors\Connector->createConnection('mysql:host=mysq...', Array, Array)
#2 /var/www/html/simpegv2/vendor/laravel/framework/src/Illuminate/Database/Connectors/ConnectionFactory.php(60): Illuminate\Database\Connectors\MySqlConnector->connect(Array)
#3 /var/www/html/simpegv2/vendor/laravel/framework/src/Illuminate/Database/Connectors/ConnectionFactory.php(49): Illuminate\Database\Connectors\ConnectionFactory->createSingleConnection(Array)
#4 /var/www/html/simpegv2/vendor/laravel/framework/src/Illuminate/Database/DatabaseManager.php(175): Illuminate\Database\Connectors\ConnectionFactory->make(Array, 'tugumuda')
#5 /var/www/html/simpegv2/vendor/laravel/framework/src/Illuminate/Database/DatabaseManager.php(67): Illuminate\Database\DatabaseManager->makeConnection('tugumuda')
#6 /var/www/html/simpegv2/vendor/laravel/framework/src/Illuminate/Database/DatabaseManager.php(296): Illuminate\Database\DatabaseManager->connection()
#7 /var/www/html/simpegv2/vendor/laravel/framework/src/Illuminate/Support/Facades/Facade.php(215): Illuminate\Database\DatabaseManager->__call('table', Array)
#8 /var/www/html/simpegv2/vendor/laravel/framework/src/Illuminate/Support/Facades/Facade.php(215): Illuminate\Database\DatabaseManager->table('modules as m')
#9 /var/www/html/simpegv2/app/Modules/ModulesServiceProvider.php(20): Illuminate\Support\Facades\Facade::__callStatic('table', Array)
#10 /var/www/html/simpegv2/app/Modules/ModulesServiceProvider.php(20): Illuminate\Support\Facades\DB::table('modules as m')
#11 [internal function]: App\Modules\ModulesServiceProvider->boot()
#12 /var/www/html/simpegv2/vendor/laravel/framework/src/Illuminate/Container/Container.php(507): call_user_func_array(Array, Array)
#13 /var/www/html/simpegv2/vendor/laravel/framework/src/Illuminate/Foundation/Application.php(734): Illuminate\Container\Container->call(Array)
#14 /var/www/html/simpegv2/vendor/laravel/framework/src/Illuminate/Foundation/Application.php(717): Illuminate\Foundation\Application->bootProvider(Object(App\Modules\ModulesServiceProvider))
#15 [internal function]: Illuminate\Foundation\Application->Illuminate\Foundation\{closure}(Object(App\Modules\ModulesServiceProvider), 18)
#16 /var/www/html/simpegv2/vendor/laravel/framework/src/Illuminate/Foundation/Application.php(718): array_walk(Array, Object(Closure))
#17 /var/www/html/simpegv2/vendor/laravel/framework/src/Illuminate/Foundation/Bootstrap/BootProviders.php(17): Illuminate\Foundation\Application->boot()
#18 /var/www/html/simpegv2/vendor/laravel/framework/src/Illuminate/Foundation/Application.php(203): Illuminate\Foundation\Bootstrap\BootProviders->bootstrap(Object(Illuminate\Foundation\Application))
#19 /var/www/html/simpegv2/vendor/laravel/framework/src/Illuminate/Foundation/Http/Kernel.php(222): Illuminate\Foundation\Application->bootstrapWith(Array)
#20 /var/www/html/simpegv2/vendor/laravel/framework/src/Illuminate/Foundation/Http/Kernel.php(117): Illuminate\Foundation\Http\Kernel->bootstrap()
#21 /var/www/html/simpegv2/vendor/laravel/framework/src/Illuminate/Foundation/Http/Kernel.php(87): Illuminate\Foundation\Http\Kernel->sendRequestThroughRouter(Object(Illuminate\Http\Request))
#22 /var/www/html/simpegv2/index.php(54): Illuminate\Foundation\Http\Kernel->handle(Object(Illuminate\Http\Request))
#23 {main}  
